This is pdfTeX, Version 3.141592653-2.6-1.40.28 (MiKTeX 25.12) (preloaded format=pdflatex 2026.7.28)  29 JUL 2026 13:59
entering extended mode
 restricted \write18 enabled.
 %&-line parsing enabled.
**./arxiv_main.tex
(arxiv_main.tex
LaTeX2e <2025-11-01>
L3 programming layer <2025-12-24>

(C:\Users\Nilotpal Bose\AppData\Local\Programs\MiKTeX\tex/latex/base\article.cl
s
Document Class: article 2025/01/22 v1.4n Standard LaTeX document class

(C:\Users\Nilotpal Bose\AppData\Local\Programs\MiKTeX\tex/latex/base\size10.clo
File: size10.clo 2025/01/22 v1.4n Standard LaTeX file (size option)
)
\c@part=\count275
\c@section=\count276
\c@subsection=\count277
\c@subsubsection=\count278
\c@paragraph=\count279
\c@subparagraph=\count280
\c@figure=\count281
\c@table=\count282
\abovecaptionskip=\skip49
\belowcaptionskip=\skip50
\bibindent=\dimen148
)
(C:\Users\Nilotpal Bose\AppData\Local\Programs\MiKTeX\tex/latex/geometry\geomet
ry.sty
Package: geometry 2026/03/07 v6.0 Page Geometry

(C:\Users\Nilotpal Bose\AppData\Local\Programs\MiKTeX\tex/latex/graphics\keyval
.sty
Package: keyval 2022/05/29 v1.15 key=value parser (DPC)
\KV@toks@=\toks17
)
(C:\Users\Nilotpal Bose\AppData\Local\Programs\MiKTeX\tex/generic/iftex\ifvtex.
sty
Package: ifvtex 2019/10/25 v1.7 ifvtex legacy package. Use iftex instead.

(C:\Users\Nilotpal Bose\AppData\Local\Programs\MiKTeX\tex/generic/iftex\iftex.s
ty
Package: iftex 2024/12/12 v1.0g TeX engine tests
))
\Gm@cnth=\count283
\Gm@cntv=\count284
\c@Gm@tempcnt=\count285
\Gm@bindingoffset=\dimen149
\Gm@wd@mp=\dimen150
\Gm@odd@mp=\dimen151
\Gm@even@mp=\dimen152
\Gm@layoutwidth=\dimen153
\Gm@layoutheight=\dimen154
\Gm@layouthoffset=\dimen155
\Gm@layoutvoffset=\dimen156
\Gm@dimlist=\toks18

(C:\Users\Nilotpal Bose\AppData\Local\Programs\MiKTeX\tex/latex/geometry\geomet
ry.cfg))
(C:\Users\Nilotpal Bose\AppData\Local\Programs\MiKTeX\tex/latex/base\fontenc.st
y
Package: fontenc 2025/07/18 v2.1d Standard LaTeX package
)
(C:\Users\Nilotpal Bose\AppData\Local\Programs\MiKTeX\tex/latex/base\inputenc.s
ty
Package: inputenc 2024/02/08 v1.3d Input encoding file
\inpenc@prehook=\toks19
\inpenc@posthook=\toks20
)
(C:\Users\Nilotpal Bose\AppData\Local\Programs\MiKTeX\tex/latex/psnfss\times.st
y
Package: times 2020/03/25 PSNFSS-v9.3 (SPQR) 
)
(C:\Users\Nilotpal Bose\AppData\Local\Programs\MiKTeX\tex/latex/graphics\graphi
cx.sty
Package: graphicx 2024/12/31 v1.2e Enhanced LaTeX Graphics (DPC,SPQR)

(C:\Users\Nilotpal Bose\AppData\Local\Programs\MiKTeX\tex/latex/graphics\graphi
cs.sty
Package: graphics 2024/08/06 v1.4g Standard LaTeX Graphics (DPC,SPQR)

(C:\Users\Nilotpal Bose\AppData\Local\Programs\MiKTeX\tex/latex/graphics\trig.s
ty
Package: trig 2023/12/02 v1.11 sin cos tan (DPC)
)
(C:\Users\Nilotpal Bose\AppData\Local\Programs\MiKTeX\tex/latex/graphics-cfg\gr
aphics.cfg
File: graphics.cfg 2016/06/04 v1.11 sample graphics configuration
)
Package graphics Info: Driver file: pdftex.def on input line 106.

(C:\Users\Nilotpal Bose\AppData\Local\Programs\MiKTeX\tex/latex/graphics-def\pd
ftex.def
File: pdftex.def 2025/09/29 v1.2d Graphics/color driver for pdftex
))
\Gin@req@height=\dimen157
\Gin@req@width=\dimen158
)
(C:\Users\Nilotpal Bose\AppData\Local\Programs\MiKTeX\tex/latex/caption\subcapt
ion.sty
Package: subcaption 2023/07/28 v1.6b Sub-captions (AR)

(C:\Users\Nilotpal Bose\AppData\Local\Programs\MiKTeX\tex/latex/caption\caption
.sty
Package: caption 2023/08/05 v3.6o Customizing captions (AR)

(C:\Users\Nilotpal Bose\AppData\Local\Programs\MiKTeX\tex/latex/caption\caption
3.sty
Package: caption3 2023/07/31 v2.4d caption3 kernel (AR)
\caption@tempdima=\dimen159
\captionmargin=\dimen160
\caption@leftmargin=\dimen161
\caption@rightmargin=\dimen162
\caption@width=\dimen163
\caption@indent=\dimen164
\caption@parindent=\dimen165
\caption@hangindent=\dimen166
Package caption Info: Standard document class detected.
)
\c@caption@flags=\count286
\c@continuedfloat=\count287
)
Package caption Info: New subtype `subfigure' on input line 238.
\c@subfigure=\count288
Package caption Info: New subtype `subtable' on input line 238.
\c@subtable=\count289
)
(C:\Users\Nilotpal Bose\AppData\Local\Programs\MiKTeX\tex/latex/booktabs\bookta
bs.sty
Package: booktabs 2020/01/12 v1.61803398 Publication quality tables
\heavyrulewidth=\dimen167
\lightrulewidth=\dimen168
\cmidrulewidth=\dimen169
\belowrulesep=\dimen170
\belowbottomsep=\dimen171
\aboverulesep=\dimen172
\abovetopsep=\dimen173
\cmidrulesep=\dimen174
\cmidrulekern=\dimen175
\defaultaddspace=\dimen176
\@cmidla=\count290
\@cmidlb=\count291
\@aboverulesep=\dimen177
\@belowrulesep=\dimen178
\@thisruleclass=\count292
\@lastruleclass=\count293
\@thisrulewidth=\dimen179
)
(C:\Users\Nilotpal Bose\AppData\Local\Programs\MiKTeX\tex/latex/multirow\multir
ow.sty
Package: multirow 2024/11/12 v2.9 Span multiple rows of a table
\multirow@colwidth=\skip51
\multirow@cntb=\count294
\multirow@dima=\skip52
\bigstrutjot=\dimen180
)
(C:\Users\Nilotpal Bose\AppData\Local\Programs\MiKTeX\tex/latex/tools\array.sty
Package: array 2025/09/25 v2.6n Tabular extension package (FMi)
\col@sep=\dimen181
\ar@mcellbox=\box53
\extrarowheight=\dimen182
\NC@list=\toks21
\extratabsurround=\skip53
\backup@length=\skip54
\ar@cellbox=\box54
)
(C:\Users\Nilotpal Bose\AppData\Local\Programs\MiKTeX\tex/latex/hyperref\hyperr
ef.sty
Package: hyperref 2025-07-12 v7.01o Hypertext links for LaTeX

(C:\Users\Nilotpal Bose\AppData\Local\Programs\MiKTeX\tex/latex/kvsetkeys\kvset
keys.sty
Package: kvsetkeys 2022-10-05 v1.19 Key value parser (HO)
)
(C:\Users\Nilotpal Bose\AppData\Local\Programs\MiKTeX\tex/generic/kvdefinekeys\
kvdefinekeys.sty
Package: kvdefinekeys 2019-12-19 v1.6 Define keys (HO)
)
(C:\Users\Nilotpal Bose\AppData\Local\Programs\MiKTeX\tex/generic/pdfescape\pdf
escape.sty
Package: pdfescape 2019/12/09 v1.15 Implements pdfTeX's escape features (HO)

(C:\Users\Nilotpal Bose\AppData\Local\Programs\MiKTeX\tex/generic/ltxcmds\ltxcm
ds.sty
Package: ltxcmds 2023-12-04 v1.26 LaTeX kernel commands for general use (HO)
)
(C:\Users\Nilotpal Bose\AppData\Local\Programs\MiKTeX\tex/generic/pdftexcmds\pd
ftexcmds.sty
Package: pdftexcmds 2020-06-27 v0.33 Utility functions of pdfTeX for LuaTeX (HO
)

(C:\Users\Nilotpal Bose\AppData\Local\Programs\MiKTeX\tex/generic/infwarerr\inf
warerr.sty
Package: infwarerr 2019/12/03 v1.5 Providing info/warning/error messages (HO)
)
Package pdftexcmds Info: \pdf@primitive is available.
Package pdftexcmds Info: \pdf@ifprimitive is available.
Package pdftexcmds Info: \pdfdraftmode found.
))
(C:\Users\Nilotpal Bose\AppData\Local\Programs\MiKTeX\tex/latex/hycolor\hycolor
.sty
Package: hycolor 2020-01-27 v1.10 Color options for hyperref/bookmark (HO)
)
(C:\Users\Nilotpal Bose\AppData\Local\Programs\MiKTeX\tex/latex/hyperref\namere
f.sty
Package: nameref 2025-06-21 v2.57 Cross-referencing by name of section

(C:\Users\Nilotpal Bose\AppData\Local\Programs\MiKTeX\tex/latex/refcount\refcou
nt.sty
Package: refcount 2019/12/15 v3.6 Data extraction from label references (HO)
)
(C:\Users\Nilotpal Bose\AppData\Local\Programs\MiKTeX\tex/generic/gettitlestrin
g\gettitlestring.sty
Package: gettitlestring 2019/12/15 v1.6 Cleanup title references (HO)

(C:\Users\Nilotpal Bose\AppData\Local\Programs\MiKTeX\tex/latex/kvoptions\kvopt
ions.sty
Package: kvoptions 2022-06-15 v3.15 Key value format for package options (HO)
))
\c@section@level=\count295
)
(C:\Users\Nilotpal Bose\AppData\Local\Programs\MiKTeX\tex/latex/etoolbox\etoolb
ox.sty
Package: etoolbox 2025/10/02 v2.5m e-TeX tools for LaTeX (JAW)
\etb@tempcnta=\count296
)
(C:\Users\Nilotpal Bose\AppData\Local\Programs\MiKTeX\tex/generic/stringenc\str
ingenc.sty
Package: stringenc 2019/11/29 v1.12 Convert strings between diff. encodings (HO
)
)
\@linkdim=\dimen183
\Hy@linkcounter=\count297
\Hy@pagecounter=\count298

(C:\Users\Nilotpal Bose\AppData\Local\Programs\MiKTeX\tex/latex/hyperref\pd1enc
.def
File: pd1enc.def 2025-07-12 v7.01o Hyperref: PDFDocEncoding definition (HO)
Now handling font encoding PD1 ...
... no UTF-8 mapping file for font encoding PD1
)
(C:\Users\Nilotpal Bose\AppData\Local\Programs\MiKTeX\tex/generic/intcalc\intca
lc.sty
Package: intcalc 2019/12/15 v1.3 Expandable calculations with integers (HO)
)
\Hy@SavedSpaceFactor=\count299

(C:\Users\Nilotpal Bose\AppData\Local\Programs\MiKTeX\tex/latex/hyperref\puenc.
def
File: puenc.def 2025-07-12 v7.01o Hyperref: PDF Unicode definition (HO)
Now handling font encoding PU ...
... no UTF-8 mapping file for font encoding PU
)
Package hyperref Info: Hyper figures OFF on input line 4195.
Package hyperref Info: Link nesting OFF on input line 4200.
Package hyperref Info: Hyper index ON on input line 4203.
Package hyperref Info: Plain pages OFF on input line 4210.
Package hyperref Info: Backreferencing OFF on input line 4215.
Package hyperref Info: Implicit mode ON; LaTeX internals redefined.
Package hyperref Info: Bookmarks ON on input line 4462.
\c@Hy@tempcnt=\count300

(C:\Users\Nilotpal Bose\AppData\Local\Programs\MiKTeX\tex/latex/url\url.sty
\Urlmuskip=\muskip17
Package: url 2013/09/16  ver 3.4  Verb mode for urls, etc.
)
LaTeX Info: Redefining \url on input line 4801.
\XeTeXLinkMargin=\dimen184

(C:\Users\Nilotpal Bose\AppData\Local\Programs\MiKTeX\tex/generic/bitset\bitset
.sty
Package: bitset 2019/12/09 v1.3 Handle bit-vector datatype (HO)

(C:\Users\Nilotpal Bose\AppData\Local\Programs\MiKTeX\tex/generic/bigintcalc\bi
gintcalc.sty
Package: bigintcalc 2019/12/15 v1.5 Expandable calculations on big integers (HO
)
))
\Fld@menulength=\count301
\Field@Width=\dimen185
\Fld@charsize=\dimen186
Package hyperref Info: Hyper figures OFF on input line 6078.
Package hyperref Info: Link nesting OFF on input line 6083.
Package hyperref Info: Hyper index ON on input line 6086.
Package hyperref Info: backreferencing OFF on input line 6093.
Package hyperref Info: Link coloring OFF on input line 6098.
Package hyperref Info: Link coloring with OCG OFF on input line 6103.
Package hyperref Info: PDF/A mode OFF on input line 6108.
\Hy@abspage=\count302
\c@Item=\count303
\c@Hfootnote=\count304
)
Package hyperref Info: Driver (autodetected): hpdftex.

(C:\Users\Nilotpal Bose\AppData\Local\Programs\MiKTeX\tex/latex/hyperref\hpdfte
x.def
File: hpdftex.def 2025-07-12 v7.01o Hyperref driver for pdfTeX
\Fld@listcount=\count305
\c@bookmark@seq@number=\count306

(C:\Users\Nilotpal Bose\AppData\Local\Programs\MiKTeX\tex/latex/rerunfilecheck\
rerunfilecheck.sty
Package: rerunfilecheck 2025-06-21 v1.11 Rerun checks for auxiliary files (HO)

(C:\Users\Nilotpal Bose\AppData\Local\Programs\MiKTeX\tex/generic/uniquecounter
\uniquecounter.sty
Package: uniquecounter 2019/12/15 v1.4 Provide unlimited unique counter (HO)
)
Package uniquecounter Info: New unique counter `rerunfilecheck' on input line 2
84.
)
\Hy@SectionHShift=\skip55
)
(C:\Users\Nilotpal Bose\AppData\Local\Programs\MiKTeX\tex/latex/enumitem\enumit
em.sty
Package: enumitem 2025/02/06 v3.11 Customized lists
\labelindent=\skip56
\enit@outerparindent=\dimen187
\enit@toks=\toks22
\enit@inbox=\box55
\enit@count@id=\count307
\enitdp@description=\count308
)
Package hyperref Info: Option `colorlinks' set `true' on input line 21.
LaTeX Font Info:    Trying to load font information for T1+ptm on input line 31
.

(C:\Users\Nilotpal Bose\AppData\Local\Programs\MiKTeX\tex/latex/psnfss\t1ptm.fd
File: t1ptm.fd 2001/06/04 font definitions for T1/ptm.
)
(C:\Users\Nilotpal Bose\AppData\Local\Programs\MiKTeX\tex/latex/l3backend\l3bac
kend-pdftex.def
File: l3backend-pdftex.def 2025-10-09 L3 backend support: PDF output (pdfTeX)
\l__color_backend_stack_int=\count309
)
(C:\Users\Nilotpal Bose\Documents\retfound-dr-thesis\papers\01_retfound_dr_grad
ing\build\arxiv_main.aux)
\openout1 = `arxiv_main.aux'.

LaTeX Font Info:    Checking defaults for OML/cmm/m/it on input line 31.
LaTeX Font Info:    ... okay on input line 31.
LaTeX Font Info:    Checking defaults for OMS/cmsy/m/n on input line 31.
LaTeX Font Info:    ... okay on input line 31.
LaTeX Font Info:    Checking defaults for OT1/cmr/m/n on input line 31.
LaTeX Font Info:    ... okay on input line 31.
LaTeX Font Info:    Checking defaults for T1/cmr/m/n on input line 31.
LaTeX Font Info:    ... okay on input line 31.
LaTeX Font Info:    Checking defaults for TS1/cmr/m/n on input line 31.
LaTeX Font Info:    ... okay on input line 31.
LaTeX Font Info:    Checking defaults for OMX/cmex/m/n on input line 31.
LaTeX Font Info:    ... okay on input line 31.
LaTeX Font Info:    Checking defaults for U/cmr/m/n on input line 31.
LaTeX Font Info:    ... okay on input line 31.
LaTeX Font Info:    Checking defaults for PD1/pdf/m/n on input line 31.
LaTeX Font Info:    ... okay on input line 31.
LaTeX Font Info:    Checking defaults for PU/pdf/m/n on input line 31.
LaTeX Font Info:    ... okay on input line 31.

*geometry* driver: auto-detecting
*geometry* detected driver: pdftex
*geometry* verbose mode - [ preamble ] result:
* driver: pdftex
* paper: <default>
* layout: <same size as paper>
* layoutoffset:(h,v)=(0.0pt,0.0pt)
* modes: 
* h-part:(L,W,R)=(54.2025pt, 505.89pt, 54.2025pt)
* v-part:(T,H,B)=(54.2025pt, 686.56499pt, 54.2025pt)
* \paperwidth=614.295pt
* \paperheight=794.96999pt
* \textwidth=505.89pt
* \textheight=686.56499pt
* \oddsidemargin=-18.06749pt
* \evensidemargin=-18.06749pt
* \topmargin=-55.06749pt
* \headheight=12.0pt
* \headsep=25.0pt
* \topskip=10.0pt
* \footskip=30.0pt
* \marginparwidth=4.0pt
* \marginparsep=10.0pt
* \columnsep=10.0pt
* \skip\footins=9.0pt plus 4.0pt minus 2.0pt
* \hoffset=0.0pt
* \voffset=0.0pt
* \mag=1000
* \@twocolumntrue
* \@twosidefalse
* \@mparswitchfalse
* \@reversemarginfalse
* (1in=72.27pt=25.4mm, 1cm=28.453pt)


(C:\Users\Nilotpal Bose\AppData\Local\Programs\MiKTeX\tex/context/base/mkii\sup
p-pdf.mkii
[Loading MPS to PDF converter (version 2006.09.02).]
\scratchcounter=\count310
\scratchdimen=\dimen188
\scratchbox=\box56
\nofMPsegments=\count311
\nofMParguments=\count312
\everyMPshowfont=\toks23
\MPscratchCnt=\count313
\MPscratchDim=\dimen189
\MPnumerator=\count314
\makeMPintoPDFobject=\count315
\everyMPtoPDFconversion=\toks24
)
(C:\Users\Nilotpal Bose\AppData\Local\Programs\MiKTeX\tex/latex/epstopdf-pkg\ep
stopdf-base.sty
Package: epstopdf-base 2020-01-24 v2.11 Base part for package epstopdf
Package epstopdf-base Info: Redefining graphics rule for `.eps' on input line 4
85.

(C:\Users\Nilotpal Bose\AppData\Local\Programs\MiKTeX\tex/latex/00miktex\epstop
df-sys.cfg
File: epstopdf-sys.cfg 2021/03/18 v2.0 Configuration of epstopdf for MiKTeX
))
Package caption Info: Begin \AtBeginDocument code.
Package caption Info: hyperref package is loaded.
Package caption Info: End \AtBeginDocument code.

(C:\Users\Nilotpal Bose\AppData\Local\Programs\MiKTeX\tex/latex/graphics\color.
sty
Package: color 2025/01/14 v1.3e Standard LaTeX Color (DPC)

(C:\Users\Nilotpal Bose\AppData\Local\Programs\MiKTeX\tex/latex/graphics-cfg\co
lor.cfg
File: color.cfg 2016/01/02 v1.6 sample color configuration
)
Package color Info: Driver file: pdftex.def on input line 149.

(C:\Users\Nilotpal Bose\AppData\Local\Programs\MiKTeX\tex/latex/graphics\mathco
lor.ltx))
Package hyperref Info: Link coloring ON on input line 31.

(C:\Users\Nilotpal Bose\Documents\retfound-dr-thesis\papers\01_retfound_dr_grad
ing\build\arxiv_main.out)
(C:\Users\Nilotpal Bose\Documents\retfound-dr-thesis\papers\01_retfound_dr_grad
ing\build\arxiv_main.out)
\@outlinefile=\write3
\openout3 = `arxiv_main.out'.

LaTeX Font Info:    External font `cmex10' loaded for size
(Font)              <12> on input line 33.
LaTeX Font Info:    External font `cmex10' loaded for size
(Font)              <8> on input line 33.
LaTeX Font Info:    External font `cmex10' loaded for size
(Font)              <6> on input line 33.
LaTeX Font Info:    Trying to load font information for T1+pcr on input line 33
.

(C:\Users\Nilotpal Bose\AppData\Local\Programs\MiKTeX\tex/latex/psnfss\t1pcr.fd
File: t1pcr.fd 2001/06/04 font definitions for T1/pcr.
)
LaTeX Font Info:    External font `cmex10' loaded for size
(Font)              <7> on input line 49.
LaTeX Font Info:    External font `cmex10' loaded for size
(Font)              <5> on input line 49.
LaTeX Font Info:    Trying to load font information for TS1+ptm on input line 5
5.

(C:\Users\Nilotpal Bose\AppData\Local\Programs\MiKTeX\tex/latex/psnfss\ts1ptm.f
d
File: ts1ptm.fd 2001/06/04 font definitions for TS1/ptm.
)
Underfull \hbox (badness 2269) in paragraph at lines 57--58
[]\T1/ptm/b/n/10 Enhanced RET-Found: \T1/ptm/m/n/10 frozen back-bone with LoRA
 []


Underfull \hbox (badness 4168) in paragraph at lines 63--64
\T1/ptm/m/n/10 We re-port ac-cu-racy, macro-F1, QWK, refer-able ac-cu-
 []


Underfull \hbox (badness 10000) in paragraph at lines 66--66
[]\T1/ptm/b/n/12 Main Com-par-i-son on AP-TOS and
 []


Underfull \vbox (badness 1237) has occurred while \output is active []

 [1{C:/Users/Nilotpal Bose/AppData/Local/MiKTeX/fonts/map/pdftex/pdftex.map}{C:
/Users/Nilotpal Bose/AppData/Local/Programs/MiKTeX/fonts/enc/dvips/base/8r.enc}


]
<../figures/fig1_aptos_comparison.png, id=62, 1104.125pt x 622.325pt>
File: ../figures/fig1_aptos_comparison.png Graphic file (type png)
<use ../figures/fig1_aptos_comparison.png>
Package pdftex.def Info: ../figures/fig1_aptos_comparison.png  used on input li
ne 89.
(pdftex.def)             Requested size: 247.94499pt x 139.75119pt.
<../figures/fig3_internal_vs_external.png, id=63, 1003.75pt x 481.8pt>
File: ../figures/fig3_internal_vs_external.png Graphic file (type png)
<use ../figures/fig3_internal_vs_external.png>
Package pdftex.def Info: ../figures/fig3_internal_vs_external.png  used on inpu
t line 96.
(pdftex.def)             Requested size: 247.94499pt x 119.00877pt.
<../figures/main_baseline_qwk.png, id=64, 505.89pt x 289.08pt>
File: ../figures/main_baseline_qwk.png Graphic file (type png)
<use ../figures/main_baseline_qwk.png>
Package pdftex.def Info: ../figures/main_baseline_qwk.png  used on input line 1
06.
(pdftex.def)             Requested size: 121.4944pt x 69.42471pt.
<../figures/main_enhanced_qwk.png, id=66, 505.89pt x 289.08pt>
File: ../figures/main_enhanced_qwk.png Graphic file (type png)
<use ../figures/main_enhanced_qwk.png>
Package pdftex.def Info: ../figures/main_enhanced_qwk.png  used on input line 1
12.
(pdftex.def)             Requested size: 121.4944pt x 69.42471pt.
<../figures/ablation_A1_lora_late_focal_qwk.png, id=67, 505.89pt x 289.08pt>
File: ../figures/ablation_A1_lora_late_focal_qwk.png Graphic file (type png)
<use ../figures/ablation_A1_lora_late_focal_qwk.png>
Package pdftex.def Info: ../figures/ablation_A1_lora_late_focal_qwk.png  used o
n input line 123.
(pdftex.def)             Requested size: 79.34421pt x 45.33624pt.
<../figures/ablation_A2_lora_ms_focal_qwk.png, id=68, 505.89pt x 289.08pt>
File: ../figures/ablation_A2_lora_ms_focal_qwk.png Graphic file (type png)
<use ../figures/ablation_A2_lora_ms_focal_qwk.png>
Package pdftex.def Info: ../figures/ablation_A2_lora_ms_focal_qwk.png  used on 
input line 129.
(pdftex.def)             Requested size: 79.34421pt x 45.33624pt.
<../figures/ablation_A3_lora_ms_ord_ref_qwk.png, id=69, 505.89pt x 289.08pt>
File: ../figures/ablation_A3_lora_ms_ord_ref_qwk.png Graphic file (type png)
<use ../figures/ablation_A3_lora_ms_ord_ref_qwk.png>
Package pdftex.def Info: ../figures/ablation_A3_lora_ms_ord_ref_qwk.png  used o
n input line 135.
(pdftex.def)             Requested size: 79.34421pt x 45.33624pt.
<../figures/cm_baseline_external.png, id=70, 361.35pt x 325.215pt>
File: ../figures/cm_baseline_external.png Graphic file (type png)
<use ../figures/cm_baseline_external.png>
Package pdftex.def Info: ../figures/cm_baseline_external.png  used on input lin
e 147.
(pdftex.def)             Requested size: 121.4944pt x 109.34592pt.
<../figures/cm_enhanced_external.png, id=71, 361.35pt x 325.215pt>
File: ../figures/cm_enhanced_external.png Graphic file (type png)
<use ../figures/cm_enhanced_external.png>
Package pdftex.def Info: ../figures/cm_enhanced_external.png  used on input lin
e 153.
(pdftex.def)             Requested size: 121.4944pt x 109.34592pt.
<../figures/roc_referable_aptos.png, id=72, 433.62pt x 361.35pt>
File: ../figures/roc_referable_aptos.png Graphic file (type png)
<use ../figures/roc_referable_aptos.png>
Package pdftex.def Info: ../figures/roc_referable_aptos.png  used on input line
 164.
(pdftex.def)             Requested size: 121.4944pt x 101.24347pt.
<../figures/roc_referable_external.png, id=73, 433.62pt x 361.35pt>
File: ../figures/roc_referable_external.png Graphic file (type png)
<use ../figures/roc_referable_external.png>
Package pdftex.def Info: ../figures/roc_referable_external.png  used on input l
ine 170.
(pdftex.def)             Requested size: 121.4944pt x 101.24347pt.
<../figures/cm_baseline_aptos.png, id=74, 361.35pt x 325.215pt>
File: ../figures/cm_baseline_aptos.png Graphic file (type png)
<use ../figures/cm_baseline_aptos.png>
Package pdftex.def Info: ../figures/cm_baseline_aptos.png  used on input line 1
82.
(pdftex.def)             Requested size: 121.4944pt x 109.34592pt.
<../figures/cm_enhanced_aptos.png, id=75, 361.35pt x 325.215pt>
File: ../figures/cm_enhanced_aptos.png Graphic file (type png)
<use ../figures/cm_enhanced_aptos.png>
Package pdftex.def Info: ../figures/cm_enhanced_aptos.png  used on input line 1
88.
(pdftex.def)             Requested size: 121.4944pt x 109.34592pt.

Underfull \hbox (badness 1478) in paragraph at lines 197--197
[]\T1/ptm/m/n/10 Table 2: |Ab-la-tion re-sults on AP-TOS (15 epochs; best
 []

<../figures/fig4_ablation_qwk_auroc.png, id=76, 1104.125pt x 521.95pt>
File: ../figures/fig4_ablation_qwk_auroc.png Graphic file (type png)
<use ../figures/fig4_ablation_qwk_auroc.png>
Package pdftex.def Info: ../figures/fig4_ablation_qwk_auroc.png  used on input 
line 216.
(pdftex.def)             Requested size: 247.94499pt x 117.21068pt.

Underfull \hbox (badness 10000) in paragraph at lines 238--239
[]\T1/ptm/m/n/10 APTOS 2019 Blind-ness De-tec-tion, Kag-gle:
 []


Underfull \hbox (badness 10000) in paragraph at lines 238--239
[][]$\T1/pcr/m/n/10 https : / / www . kaggle . com / competitions /
 []

[2 <../figures/fig1_aptos_comparison.png (PNG copy)> <../figures/fig3_internal_
vs_external.png (PNG copy)> <../figures/main_baseline_qwk.png> <../figures/main
_enhanced_qwk.png>] [3 <../figures/ablation_A1_lora_late_focal_qwk.png> <../fig
ures/ablation_A2_lora_ms_focal_qwk.png> <../figures/ablation_A3_lora_ms_ord_ref
_qwk.png> <../figures/cm_baseline_external.png> <../figures/cm_enhanced_externa
l.png> <../figures/roc_referable_aptos.png> <../figures/roc_referable_external.
png> <../figures/cm_baseline_aptos.png> <../figures/cm_enhanced_aptos.png> <../
figures/fig4_ablation_qwk_auroc.png (PNG copy)>]
(C:\Users\Nilotpal Bose\Documents\retfound-dr-thesis\papers\01_retfound_dr_grad
ing\build\arxiv_main.aux)
 ***********
LaTeX2e <2025-11-01>
L3 programming layer <2025-12-24>
 ***********
Package rerunfilecheck Info: File `arxiv_main.out' has not changed.
(rerunfilecheck)             Checksum: 08A9E16FC690115BD81389F370E25E27;1917.
 ) 
Here is how much of TeX's memory you used:
 11456 strings out of 467871
 189417 string characters out of 5414468
 612739 words of memory out of 5000000
 40158 multiletter control sequences out of 15000+600000
 662090 words of font info for 76 fonts, out of 8000000 for 9000
 1141 hyphenation exceptions out of 8191
 75i,8n,79p,1040b,578s stack positions out of 10000i,1000n,20000p,200000b,200000s
<C:/Users/Nilotpal Bose/AppData/Local/Programs/MiKTeX/fonts/type1/public/amsf
onts/cm/cmr10.pfb><C:/Users/Nilotpal Bose/AppData/Local/Programs/MiKTeX/fonts/t
ype1/public/amsfonts/cm/cmsy10.pfb><C:/Users/Nilotpal Bose/AppData/Local/Progra
ms/MiKTeX/fonts/type1/urw/courier/ucrr8a.pfb><C:/Users/Nilotpal Bose/AppData/Lo
cal/Programs/MiKTeX/fonts/type1/urw/times/utmb8a.pfb><C:/Users/Nilotpal Bose/Ap
pData/Local/Programs/MiKTeX/fonts/type1/urw/times/utmr8a.pfb><C:/Users/Nilotpal
 Bose/AppData/Local/Programs/MiKTeX/fonts/type1/urw/times/utmri8a.pfb>
Output written on "C:\Users\Nilotpal Bose\Documents\retfound-dr-thesis\papers\0
1_retfound_dr_grading\build\arxiv_main.pdf" (3 pages, 597796 bytes).
PDF statistics:
 164 PDF objects out of 1000 (max. 8388607)
 43 named destinations out of 1000 (max. 500000)
 167 words of extra memory for PDF output out of 10000 (max. 10000000)

